src/App.tsx(35,3): error TS6133: 'Eye' is declared but its value is never read.
src/App.tsx(36,3): error TS6133: 'EyeOff' is declared but its value is never read.
src/App.tsx(42,3): error TS6133: 'Unlock' is declared but its value is never read.
src/App.tsx(70,3): error TS6133: 'GoogleAuthProvider' is declared but its value is never read.
src/App.tsx(71,3): error TS6133: 'signInWithPopup' is declared but its value is never read.
src/App.tsx(91,1): error TS6192: All imports in import declaration are unused.
src/App.tsx(118,1): error TS6133: 'DEFAULT_INVENTORY_ITEMS' is declared but its value is never read.
src/App.tsx(510,9): error TS6133: 'syncXpAdjustmentsToFirestore' is declared but its value is never read.
src/App.tsx(694,9): error TS6133: 'syncEntriesToFirestore' is declared but its value is never read.
src/App.tsx(738,9): error TS6133: 'triggerSandboxLogin' is declared but its value is never read.
src/App.tsx(1353,30): error TS6133: 'setGeneratedResetCode' is declared but its value is never read.
src/App.tsx(1397,34): error TS6133: 'setIsProcessingTransition' is declared but its value is never read.
src/App.tsx(1398,30): error TS6133: 'setTransitionProgress' is declared but its value is never read.
src/App.tsx(1833,10): error TS6133: 'seedingConfig' is declared but its value is never read.
src/App.tsx(3203,9): error TS6133: 'handleCopyMarkdown' is declared but its value is never read.
src/App.tsx(6311,27): error TS6133: 'canDelete' is declared but its value is never read.
src/App.tsx(10021,54): error TS6133: 'idx' is declared but its value is never read.
src/App.tsx(10417,43): error TS6133: 'deg' is declared but its value is never read.
src/App.tsx(10835,61): error TS6133: 'index' is declared but its value is never read.
src/components/ArenaPortal.tsx(25,3): error TS6133: 'ChevronRight' is declared but its value is never read.
src/components/GeneralLedger.tsx(10,3): error TS6133: 'ArrowRightLeft' is declared but its value is never read.
src/components/GeneralLedger.tsx(11,3): error TS6133: 'Download' is declared but its value is never read.
src/components/GeneralLedger.tsx(17,3): error TS6133: 'Award' is declared but its value is never read.
src/components/GeneralLedger.tsx(18,3): error TS6133: 'Clock' is declared but its value is never read.
src/components/InventoryManager.tsx(1,36): error TS6133: 'useRef' is declared but its value is never read.
src/components/InventoryManager.tsx(5,3): error TS6133: 'Filter' is declared but its value is never read.
src/components/InventoryManager.tsx(18,3): error TS6133: 'RotateCcw' is declared but its value is never read.
src/components/InventoryManager.tsx(21,3): error TS6133: 'ChevronRight' is declared but its value is never read.
src/components/InventoryManager.tsx(22,3): error TS6133: 'Wrench' is declared but its value is never read.
src/components/InventoryManager.tsx(24,3): error TS6133: 'Cpu' is declared but its value is never read.
src/components/InventoryManager.tsx(25,3): error TS6133: 'Zap' is declared but its value is never read.
src/components/InventoryManager.tsx(27,3): error TS6133: 'Compass' is declared but its value is never read.
src/components/InventoryManager.tsx(28,3): error TS6133: 'FileText' is declared but its value is never read.
src/components/InventoryManager.tsx(29,3): error TS6133: 'Check' is declared but its value is never read.
src/components/InventoryManager.tsx(31,3): error TS6133: 'Upload' is declared but its value is never read.
src/components/InventoryManager.tsx(32,12): error TS6133: 'ImageIcon' is declared but its value is never read.
src/components/InventoryManager.tsx(33,3): error TS6133: 'Calendar' is declared but its value is never read.
src/components/InventoryManager.tsx(36,3): error TS6133: 'AlertCircle' is declared but its value is never read.
src/components/InventoryManager.tsx(37,3): error TS6133: 'TrendingUp' is declared but its value is never read.
src/components/InventoryManager.tsx(38,3): error TS6133: 'SlidersHorizontal' is declared but its value is never read.
src/components/InventoryManager.tsx(39,3): error TS6133: 'BookmarkPlus' is declared but its value is never read.
src/components/InventoryManager.tsx(40,3): error TS6133: 'QrCode' is declared but its value is never read.
src/components/InventoryManager.tsx(102,3): error TS6133: 'accounts' is declared but its value is never read.
src/components/InventoryManager.tsx(119,26): error TS6133: 'setSelectedVendor' is declared but its value is never read.
src/components/InventoryManager.tsx(183,9): error TS6133: 'uniqueVendors' is declared but its value is never read.
src/components/InventoryManager.tsx(309,9): error TS6133: 'handleImageFileChange' is declared but its value is never read.
src/components/InventoryManager.tsx(588,9): error TS6133: 'handleClearAllInventory' is declared but its value is never read.
src/components/KanbanBoard.tsx(15,3): error TS6133: 'MoreVertical' is declared but its value is never read.
src/components/LabelCustomizerModal.tsx(1,47): error TS6133: 'useRef' is declared but its value is never read.
src/components/LabelCustomizerModal.tsx(11,3): error TS6133: 'Layers' is declared but its value is never read.
src/components/LabelCustomizerModal.tsx(18,3): error TS6133: 'RotateCcw' is declared but its value is never read.
src/components/LabelCustomizerModal.tsx(20,3): error TS6133: 'Check' is declared but its value is never read.
src/components/LabelCustomizerModal.tsx(110,24): error TS6133: 'setOnlyLowStock' is declared but its value is never read.
src/components/MemberDirectory.tsx(6,3): error TS6133: 'Filter' is declared but its value is never read.
src/components/MemberDirectory.tsx(16,3): error TS6133: 'TrendingUp' is declared but its value is never read.
src/components/MemberDirectory.tsx(17,3): error TS6133: 'Sliders' is declared but its value is never read.
src/components/MemberDirectory.tsx(19,3): error TS6133: 'ChevronRight' is declared but its value is never read.
src/components/MemberDirectory.tsx(20,3): error TS6133: 'Info' is declared but its value is never read.
src/components/MemberDirectory.tsx(21,3): error TS6133: 'Calendar' is declared but its value is never read.
src/components/MemberDirectory.tsx(26,3): error TS6133: 'AlertTriangle' is declared but its value is never read.
src/components/MemberDirectory.tsx(29,89): error TS6133: 'Subteam' is declared but its value is never read.
src/components/OutreachHub.tsx(4,3): error TS6133: 'MapPin' is declared but its value is never read.
src/components/OutreachHub.tsx(5,3): error TS6133: 'Users' is declared but its value is never read.
src/components/OutreachHub.tsx(15,3): error TS6133: 'TrendingUp' is declared but its value is never read.
src/components/OutreachHub.tsx(16,3): error TS6133: 'BarChart3' is declared but its value is never read.
src/components/OutreachHub.tsx(20,3): error TS6133: 'Info' is declared but its value is never read.
src/components/OutreachPrintLayout.tsx(2,25): error TS6133: 'OutreachImage' is declared but its value is never read.
src/components/OutreachPrintLayout.tsx(4,17): error TS6133: 'Calendar' is declared but its value is never read.
src/components/OutreachPrintLayout.tsx(4,27): error TS6133: 'MapPin' is declared but its value is never read.
src/components/OutreachPrintLayout.tsx(4,35): error TS6133: 'Clock' is declared but its value is never read.
src/components/OutreachPrintLayout.tsx(4,49): error TS6133: 'CheckCircle2' is declared but its value is never read.
src/components/OutreachPrintLayout.tsx(4,93): error TS6133: 'Heart' is declared but its value is never read.
src/components/OutreachPrintLayout.tsx(29,9): error TS6133: 'minHeightClass' is declared but its value is never read.
src/components/OutreachPrintLayout.tsx(192,15): error TS6133: 'hasYouth' is declared but its value is never read.
src/components/OutreachPrintLayout.tsx(193,15): error TS6133: 'hasAdults' is declared but its value is never read.
src/components/StudentHandbook.tsx(10,3): error TS6133: 'Award' is declared but its value is never read.
src/components/StudentHandbook.tsx(12,3): error TS6133: 'Scroll' is declared but its value is never read.
src/components/StudentHandbook.tsx(15,3): error TS6133: 'UserCheck' is declared but its value is never read.
src/components/StudentHandbook.tsx(16,3): error TS6133: 'HelpCircle' is declared but its value is never read.
src/components/StudentHandbook.tsx(20,1): error TS6192: All imports in import declaration are unused.
src/components/StudentHandbook.tsx(21,65): error TS6133: 'HandbookSection' is declared but its value is never read.
src/components/StudentHandbook.tsx(29,43): error TS6133: 'currentUser' is declared but its value is never read.
src/components/StudentHandbook.tsx(29,56): error TS6133: 'showToast' is declared but its value is never read.
src/components/StudentHandbook.tsx(31,10): error TS6133: 'activeSectionId' is declared but its value is never read.
src/components/SystemDashboard.tsx(7,3): error TS6133: 'Save' is declared but its value is never read.
src/components/SystemDashboard.tsx(10,3): error TS6133: 'Ban' is declared but its value is never read.
src/components/SystemDashboard.tsx(12,3): error TS6133: 'CheckCircle2' is declared but its value is never read.
src/components/SystemDashboard.tsx(15,3): error TS6133: 'X' is declared but its value is never read.
src/components/SystemDashboard.tsx(17,3): error TS6133: 'LayoutGrid' is declared but its value is never read.
src/components/SystemDashboard.tsx(18,3): error TS6133: 'Info' is declared but its value is never read.
src/components/SystemDashboard.tsx(19,3): error TS6133: 'ShieldCheck' is declared but its value is never read.
src/components/SystemDashboard.tsx(43,3): error TS6133: 'currentUser' is declared but its value is never read.
src/utils/gamification.ts(161,3): error TS6133: 'kanbanTasks' is declared but its value is never read.
src/utils/gamification.ts(228,9): error TS6133: 'levelInfo' is declared but its value is never read.
src/utils/gamification.ts(500,15): error TS6133: 'problemEntries' is declared but its value is never read.
